Adding 11.000000 + 11.000000
Adding 11.000000 + 11.000000
Adding 22.000000 + 22.000000
Adding 11.000000 + 11.000000
Adding 11.000000 + 11.000000
Adding 22.000000 + 22.000000
Adding 44.000000 + 44.000000
88.000000
